[    0.000000] Initializing cgroup subsys cpuset
[    0.000000] Initializing cgroup subsys cpu
[    0.000000] Initializing cgroup subsys cpuacct
[    0.000000] Linux version 4.4.0-141-generic (buildd@lcy01-amd64-027) (gcc version 5.4.0 20160609 (Ubuntu 5.4.0-6ubuntu1~16.04.10) ) #167-Ubuntu SMP Wed Dec 5 10:38:08 UTC 2018 (Ubuntu 4.4.0-141.167-generic 4.4.162)
[    0.000000] KERNEL supported cpus:
[    0.000000]   Intel GenuineIntel
[    0.000000]   AMD AuthenticAMD
[    0.000000]   NSC Geode by NSC
[    0.000000]   Cyrix CyrixInstead
[    0.000000]   Centaur CentaurHauls
[    0.000000]   Transmeta GenuineTMx86
[    0.000000]   Transmeta TransmetaCPU
[    0.000000]   UMC UMC UMC UMC
[    0.000000] x86/fpu: xstate_offset[2]:  576, xstate_sizes[2]:  256
[    0.000000] x86/fpu: Supporting XSAVE feature 0x01: 'x87 floating point registers'
[    0.000000] x86/fpu: Supporting XSAVE feature 0x02: 'SSE registers'
[    0.000000] x86/fpu: Supporting XSAVE feature 0x04: 'AVX registers'
[    0.000000] x86/fpu: Enabled xstate features 0x7, context size is 832 bytes, using 'standard' format.
[    0.000000] e820: BIOS-provided physical RAM map:
[    0.000000] BIOS-e820: [mem 0x0000000000000000-0x000000000009fbff] usable
[    0.000000] BIOS-e820: [mem 0x000000000009fc00-0x000000000009ffff] reserved
[    0.000000] BIOS-e820: [mem 0x00000000000f0000-0x00000000000fffff] reserved
[    0.000000] BIOS-e820: [mem 0x0000000000100000-0x000000001ffeffff] usable
[    0.000000] BIOS-e820: [mem 0x000000001fff0000-0x000000001fffffff] ACPI data
[    0.000000] BIOS-e820: [mem 0x00000000fec00000-0x00000000fec00fff] reserved
[    0.000000] BIOS-e820: [mem 0x00000000fee00000-0x00000000fee00fff] reserved
[    0.000000] BIOS-e820: [mem 0x00000000fffc0000-0x00000000ffffffff] reserved
[    0.000000] NX (Execute Disable) protection: active
[    0.000000] SMBIOS 2.5 present.
[    0.000000] Hypervisor detected: KVM
[    0.000000] e820: last_pfn = 0x1fff0 max_arch_pfn = 0x1000000
[    0.000000] MTRR: Disabled
[    0.000000] x86/PAT: MTRRs disabled, skipping PAT initialization too.
[    0.000000] CPU MTRRs all blank - virtualized system.
[    0.000000] x86/PAT: Configuration [0-7]: WB  WT  UC- UC  WB  WT  UC- UC  
[    0.000000] found SMP MP-table at [mem 0x0009fff0-0x0009ffff] mapped at [c009fff0]
[    0.000000] Scanning 1 areas for low memory corruption
[    0.000000] RAMDISK: [mem 0x1e914000-0x1f780fff]
[    0.000000] ACPI: Early table checksum verification disabled
[    0.000000] ACPI: RSDP 0x00000000000E0000 000024 (v02 VBOX  )
[    0.000000] ACPI: XSDT 0x000000001FFF0030 00003C (v01 VBOX   VBOXXSDT 00000001 ASL  00000061)
[    0.000000] ACPI: FACP 0x000000001FFF00F0 0000F4 (v04 VBOX   VBOXFACP 00000001 ASL  00000061)
[    0.000000] ACPI: DSDT 0x000000001FFF0470 0021FF (v02 VBOX   VBOXBIOS 00000002 INTL 20100528)
[    0.000000] ACPI: FACS 0x000000001FFF0200 000040
[    0.000000] ACPI: FACS 0x000000001FFF0200 000040
[    0.000000] ACPI: APIC 0x000000001FFF0240 000054 (v02 VBOX   VBOXAPIC 00000001 ASL  00000061)
[    0.000000] ACPI: SSDT 0x000000001FFF02A0 0001CC (v01 VBOX   VBOXCPUT 00000002 INTL 20100528)
[    0.000000] 0MB HIGHMEM available.
[    0.000000] 511MB LOWMEM available.
[    0.000000]   mapped low ram: 0 - 1fff0000
[    0.000000]   low ram: 0 - 1fff0000
[    0.000000] kvm-clock: Using msrs 4b564d01 and 4b564d00
[    0.000000] kvm-clock: cpu 0, msr 0:1ffef001, primary cpu clock
[    0.000000] kvm-clock: using sched offset of 6117915977 cycles
[    0.000000] clocksource: kvm-clock: mask: 0xffffffffffffffff max_cycles: 0x1cd42e4dffb, max_idle_ns: 881590591483 ns
[    0.000000] Zone ranges:
[    0.000000]   DMA      [mem 0x0000000000001000-0x0000000000ffffff]
[    0.000000]   Normal   [mem 0x0000000001000000-0x000000001ffeffff]
[    0.000000]   HighMem  empty
[    0.000000] Movable zone start for each node
[    0.000000] Early memory node ranges
[    0.000000]   node   0: [mem 0x0000000000001000-0x000000000009efff]
[    0.000000]   node   0: [mem 0x0000000000100000-0x000000001ffeffff]
[    0.000000] Initmem setup node 0 [mem 0x0000000000001000-0x000000001ffeffff]
[    0.000000] Using APIC driver default
[    0.000000] ACPI: PM-Timer IO Port: 0x4008
[    0.000000] IOAPIC[0]: apic_id 1, version 32, address 0xfec00000, GSI 0-23
[    0.000000] ACPI: INT_SRC_OVR (bus 0 bus_irq 0 global_irq 2 dfl dfl)
[    0.000000] ACPI: INT_SRC_OVR (bus 0 bus_irq 9 global_irq 9 low level)
[    0.000000] Using ACPI (MADT) for SMP configuration information
[    0.000000] smpboot: Allowing 1 CPUs, 0 hotplug CPUs
[    0.000000] PM: Registered nosave memory: [mem 0x00000000-0x00000fff]
[    0.000000] PM: Registered nosave memory: [mem 0x0009f000-0x0009ffff]
[    0.000000] PM: Registered nosave memory: [mem 0x000a0000-0x000effff]
[    0.000000] PM: Registered nosave memory: [mem 0x000f0000-0x000fffff]
[    0.000000] e820: [mem 0x20000000-0xfebfffff] available for PCI devices
[    0.000000] Booting paravirtualized kernel on KVM
[    0.000000] clocksource: refined-jiffies: mask: 0xffffffff max_cycles: 0xffffffff, max_idle_ns: 7645519600211568 ns
[    0.000000] setup_percpu: NR_CPUS:8 nr_cpumask_bits:8 nr_cpu_ids:1 nr_node_ids:1
[    0.000000] PERCPU: Embedded 19 pages/cpu @dfac1000 s47436 r0 d30388 u77824
[    0.000000] PV qspinlock hash table entries: 512 (order: 0, 4096 bytes)
[    0.000000] Built 1 zonelists in Zone order, mobility grouping on.  Total pages: 129678
[    0.000000] Kernel command line: BOOT_IMAGE=/boot/vmlinuz-4.4.0-141-generic root=UUID=1f58a7c8-a73a-44d6-939c-bdd9c827a803 ro console=tty1 console=ttyS0
[    0.000000] PID hash table entries: 2048 (order: 1, 8192 bytes)
[    0.000000] Dentry cache hash table entries: 65536 (order: 6, 262144 bytes)
[    0.000000] Inode-cache hash table entries: 32768 (order: 5, 131072 bytes)
[    0.000000] Initializing CPU#0
[    0.000000] Initializing HighMem for node 0 (00000000:00000000)
[    0.000000] Memory: 489384K/523832K available (8052K kernel code, 778K rwdata, 3180K rodata, 952K init, 800K bss, 34448K reserved, 0K cma-reserved, 0K highmem)
[    0.000000] virtual kernel memory layout:
[    0.000000]     fixmap  : 0xfff15000 - 0xfffff000   ( 936 kB)
[    0.000000]     pkmap   : 0xffc00000 - 0xffe00000   (2048 kB)
[    0.000000]     vmalloc : 0xe07f0000 - 0xffbfe000   ( 500 MB)
[    0.000000]     lowmem  : 0xc0000000 - 0xdfff0000   ( 511 MB)
[    0.000000]       .init : 0xc1bbe000 - 0xc1cac000   ( 952 kB)
[    0.000000]       .data : 0xc17dd3c4 - 0xc1bbc9c0   (3965 kB)
[    0.000000]       .text : 0xc1000000 - 0xc17dd3c4   (8052 kB)
[    0.000000] Checking if this processor honours the WP bit even in supervisor mode...Ok.
[    0.000000] SLUB: HWalign=64, Order=0-3, MinObjects=0, CPUs=1, Nodes=1
[    0.000000] Hierarchical RCU implementation.
[    0.000000] 	Build-time adjustment of leaf fanout to 32.
[    0.000000] 	RCU restricting CPUs from NR_CPUS=8 to nr_cpu_ids=1.
[    0.000000] RCU: Adjusting geometry for rcu_fanout_leaf=32, nr_cpu_ids=1
[    0.000000] NR_IRQS:2304 nr_irqs:256 16
[    0.000000] Console: colour VGA+ 80x25
[    0.000000] console [tty1] enabled
[    0.000000] console [ttyS0] enabled
[    0.000000] allocated 524288 bytes of page_ext
[    0.000000] tsc: Detected 2394.464 MHz processor
[    0.433932] Calibrating delay loop (skipped) preset value.. 4788.92 BogoMIPS (lpj=9577856)
[    0.436875] pid_max: default: 32768 minimum: 301
[    0.440962] ACPI: Core revision 20150930
[    0.456048] ACPI: 2 ACPI AML tables successfully acquired and loaded
[    0.462814] Security Framework initialized
[    0.464257] Yama: becoming mindful.
[    0.473681] AppArmor: AppArmor initialized
[    0.475186] Mount-cache hash table entries: 1024 (order: 0, 4096 bytes)
[    0.478894] Mountpoint-cache hash table entries: 1024 (order: 0, 4096 bytes)
[    0.481206] Initializing cgroup subsys io
[    0.487838] Initializing cgroup subsys memory
[    0.501033] Initializing cgroup subsys devices
[    0.502540] Initializing cgroup subsys freezer
[    0.504068] Initializing cgroup subsys net_cls
[    0.505741] Initializing cgroup subsys perf_event
[    0.511251] Initializing cgroup subsys net_prio
[    0.512788] Initializing cgroup subsys hugetlb
[    0.514444] Initializing cgroup subsys pids
[    0.521360] mce: CPU supports 0 MCE banks
[    0.522835] process: using mwait in idle threads
[    0.524385] Last level iTLB entries: 4KB 1024, 2MB 1024, 4MB 1024
[    0.526458] Last level dTLB entries: 4KB 1024, 2MB 1024, 4MB 1024, 1GB 4
[    0.528449] Spectre V2 : Mitigation: Full generic retpoline
[    0.530487] Spectre V2 : Spectre v2 mitigation: Speculation control IBPB not-supported IBRS not-supported
[    0.533066] Spectre V2 : Spectre v2 / SpectreRSB mitigation: Filling RSB on context switch
[    0.538553] Speculative Store Bypass: Vulnerable
[    0.569968] Freeing SMP alternatives memory: 32K
[    0.584556] ftrace: allocating 31566 entries in 62 pages
[    0.677948] smpboot: APIC(0) Converting physical 0 to logical package 0
[    0.679925] smpboot: Max logical packages: 1
[    0.681718] Enabling APIC mode:  Flat.  Using 1 I/O APICs
[    0.686060] ..TIMER: vector=0x30 apic1=0 pin1=2 apic2=-1 pin2=-1
[    0.804208] APIC calibration not consistent with PM-Timer: 92ms instead of 100ms
[    0.810130] APIC delta adjusted to PM-Timer: 6250032 (5764301)
[    0.826007] smpboot: CPU0: Intel(R) Core(TM) i7-4700HQ CPU @ 2.40GHz (family: 0x6, model: 0x3c, stepping: 0x3)
[    0.842555] Performance Events: unsupported p6 CPU model 60 no PMU driver, software events only.
[    0.845746] KVM setup paravirtual spinlock
[    0.848387] x86: Booted up 1 node, 1 CPUs
[    0.853259] smpboot: Total of 1 processors activated (4788.92 BogoMIPS)
[    0.855932] devtmpfs: initialized
[    0.857516] evm: security.selinux
[    0.858918] evm: security.SMACK64
[    0.860171] evm: security.SMACK64EXEC
[    0.861522] evm: security.SMACK64TRANSMUTE
[    0.863070] evm: security.SMACK64MMAP
[    0.874047] evm: security.ima
[    0.875273] evm: security.capability
[    0.876929] clocksource: jiffies: mask: 0xffffffff max_cycles: 0xffffffff, max_idle_ns: 7645041785100000 ns
[    0.880274] futex hash table entries: 256 (order: 2, 16384 bytes)
[    0.882660] pinctrl core: initialized pinctrl subsystem
[    0.886493] RTC time: 13:35:34, date: 01/06/19
[    0.888193] NET: Registered protocol family 16
[    0.890383] EISA bus registered
[    0.891854] cpuidle: using governor ladder
[    0.893596] cpuidle: using governor menu
[    0.895017] PCCT header not found.
[    0.896443] ACPI: bus type PCI registered
[    0.897957] acpiphp: ACPI Hot Plug PCI Controller Driver version: 0.5
[    0.902071] PCI : PCI BIOS area is rw and x. Use pci=nobios if you want it NX.
[    0.904737] PCI: PCI BIOS revision 2.10 entry at 0xfda26, last bus=0
[    0.906948] PCI: Using configuration type 1 for base access
[    0.914377] ACPI: Added _OSI(Module Device)
[    0.916266] ACPI: Added _OSI(Processor Device)
[    0.917775] ACPI: Added _OSI(3.0 _SCP Extensions)
[    0.919807] ACPI: Added _OSI(Processor Aggregator Device)
[    0.923954] ACPI: Executed 1 blocks of module-level executable AML code
[    0.934719] ACPI: Interpreter enabled
[    0.936346] ACPI: (supports S0 S5)
[    0.937610] ACPI: Using IOAPIC for interrupt routing
[    0.961895] PCI: Using host bridge windows from ACPI; if necessary, use "pci=nocrs" and report a bug
[    0.974423] ACPI: PCI Root Bridge [PCI0] (domain 0000 [bus 00-ff])
[    0.983681] acpi PNP0A03:00: _OSC: OS supports [ASPM ClockPM Segments MSI]
[    0.985735] acpi PNP0A03:00: _OSC: not requesting OS control; OS requires [ExtendedConfig ASPM ClockPM MSI]
[    0.988749] acpi PNP0A03:00: fail to add MMCONFIG information, can't access extended PCI configuration space under this bridge.
[    0.992646] PCI host bridge to bus 0000:00
[    0.994030] pci_bus 0000:00: root bus resource [io  0x0000-0x0cf7 window]
[    0.996035] pci_bus 0000:00: root bus resource [io  0x0d00-0xffff window]
[    0.998090] pci_bus 0000:00: root bus resource [mem 0x000a0000-0x000bffff window]
[    1.003395] pci_bus 0000:00: root bus resource [mem 0x20000000-0xfdffffff window]
[    1.005915] pci_bus 0000:00: root bus resource [bus 00-ff]
[    1.010337] pci 0000:00:01.1: legacy IDE quirk: reg 0x10: [io  0x01f0-0x01f7]
[    1.013596] pci 0000:00:01.1: legacy IDE quirk: reg 0x14: [io  0x03f6]
[    1.015610] pci 0000:00:01.1: legacy IDE quirk: reg 0x18: [io  0x0170-0x0177]
[    1.017652] pci 0000:00:01.1: legacy IDE quirk: reg 0x1c: [io  0x0376]
[    1.033250] pci 0000:00:07.0: quirk: [io  0x4000-0x403f] claimed by PIIX4 ACPI
[    1.044375] pci 0000:00:07.0: quirk: [io  0x4100-0x410f] claimed by PIIX4 SMB
[    1.059761] ACPI: PCI Interrupt Link [LNKA] (IRQs 5 9 10 *11)
[    1.073569] ACPI: PCI Interrupt Link [LNKB] (IRQs 5 9 *10 11)
[    1.076544] ACPI: PCI Interrupt Link [LNKC] (IRQs 5 *9 10 11)
[    1.080506] ACPI: PCI Interrupt Link [LNKD] (IRQs 5 9 10 *11)
[    1.093820] ACPI: Enabled 2 GPEs in block 00 to 07
[    1.096198] vgaarb: setting as boot device: PCI:0000:00:02.0
[    1.098025] vgaarb: device added: PCI:0000:00:02.0,decodes=io+mem,owns=io+mem,locks=none
[    1.100724] vgaarb: loaded
[    1.101811] vgaarb: bridge control possible 0000:00:02.0
[    1.104153] SCSI subsystem initialized
[    1.105637] ACPI: bus type USB registered
[    1.107083] usbcore: registered new interface driver usbfs
[    1.108780] usbcore: registered new interface driver hub
[    1.110562] usbcore: registered new device driver usb
[    1.112588] PCI: Using ACPI for IRQ routing
[    1.114847] NetLabel: Initializing
[    1.116105] NetLabel:  domain hash size = 128
[    1.117633] NetLabel:  protocols = UNLABELED CIPSOv4
[    1.121022] NetLabel:  unlabeled traffic allowed by default
[    1.122983] amd_nb: Cannot enumerate AMD northbridges
[    1.124591] clocksource: Switched to clocksource kvm-clock
[    1.150218] AppArmor: AppArmor Filesystem Enabled
[    1.151910] pnp: PnP ACPI init
[    1.156524] pnp: PnP ACPI: found 3 devices
[    1.157944] PnPBIOS: Disabled by ACPI PNP
[    1.201827] clocksource: acpi_pm: mask: 0xffffff max_cycles: 0xffffff, max_idle_ns: 2085701024 ns
[    1.204763] NET: Registered protocol family 2
[    1.206480] TCP established hash table entries: 4096 (order: 2, 16384 bytes)
[    1.208540] TCP bind hash table entries: 4096 (order: 3, 32768 bytes)
[    1.210517] TCP: Hash tables configured (established 4096 bind 4096)
[    1.212533] UDP hash table entries: 256 (order: 1, 8192 bytes)
[    1.214344] UDP-Lite hash table entries: 256 (order: 1, 8192 bytes)
[    1.216300] NET: Registered protocol family 1
[    1.217777] pci 0000:00:00.0: Limiting direct PCI/PCI transfers
[    1.219592] pci 0000:00:01.0: Activating ISA DMA hang workarounds
[    1.221663] Unpacking initramfs...
[    1.719602] Freeing initrd memory: 14772K
[    1.723133] RAPL PMU detected, API unit is 2^-32 Joules, 4 fixed counters 10737418240 ms ovfl timer
[    1.732949] hw unit of domain pp0-core 2^-0 Joules
[    1.736863] hw unit of domain package 2^-0 Joules
[    1.744943] hw unit of domain dram 2^-0 Joules
[    1.766920] hw unit of domain pp1-gpu 2^-0 Joules
[    1.770328] platform rtc_cmos: registered platform RTC device (no PNP device found)
[    1.785683] Scanning for low memory corruption every 60 seconds
[    1.812481] audit: initializing netlink subsys (disabled)
[    1.823392] audit: type=2000 audit(1546781741.878:1): initialized
[    1.849013] Initialise system trusted keyring
[    1.858617] HugeTLB registered 2 MB page size, pre-allocated 0 pages
[    1.865233] zbud: loaded
[    1.875920] VFS: Disk quotas dquot_6.6.0
[    1.896339] VFS: Dquot-cache hash table entries: 1024 (order 0, 4096 bytes)
[    1.904357] squashfs: version 4.0 (2009/01/31) Phillip Lougher
[    1.908168] fuse init (API version 7.23)
[    1.919280] Key type big_key registered
[    1.930665] Allocating IMA MOK and blacklist keyrings.
[    1.932705] Key type asymmetric registered
[    1.943371] Asymmetric key parser 'x509' registered
[    1.954329] bounce: pool size: 64 pages
[    1.958182] Block layer SCSI generic (bsg) driver version 0.4 loaded (major 249)
[    1.962218] io scheduler noop registered
[    1.970182] io scheduler deadline registered (default)
[    1.980832] io scheduler cfq registered
[    1.986651] pci_hotplug: PCI Hot Plug PCI Core version: 0.5
[    1.988742] pciehp: PCI Express Hot Plug Controller Driver version: 0.4
[    2.007695] ACPI: AC Adapter [AC] (off-line)
[    2.010942] input: Power Button as /devices/LNXSYSTM:00/LNXPWRBN:00/input/input0
[    2.030554] ACPI: Power Button [PWRF]
[    2.032118] input: Sleep Button as /devices/LNXSYSTM:00/LNXSLPBN:00/input/input1
[    2.045003] ACPI: Sleep Button [SLPF]
[    2.052852] ACPI: Battery Slot [BAT0] (battery present)
[    2.057958] GHES: HEST is not enabled!
[    2.066222] isapnp: Scanning for PnP cards...
[    2.079172] Serial: 8250/16550 driver, 32 ports, IRQ sharing enabled
[    2.156755] 00:02: ttyS0 at I/O 0x3f8 (irq = 4, base_baud = 115200) is a 16550A
[    2.231127] Linux agpgart interface v0.103
[    2.238568] loop: module loaded
[    2.240786] scsi host0: ata_piix
[    2.255690] scsi host1: ata_piix
[    2.305721] ata1: PATA max UDMA/33 cmd 0x1f0 ctl 0x3f6 bmdma 0xd000 irq 14
[    2.315774] ata2: PATA max UDMA/33 cmd 0x170 ctl 0x376 bmdma 0xd008 irq 15
[    2.322244] libphy: Fixed MDIO Bus: probed
[    2.332184] tun: Universal TUN/TAP device driver, 1.6
[    2.333873] tun: (C) 1999-2004 Max Krasnyansky <maxk@qualcomm.com>
[    2.337414] PPP generic driver version 2.4.2
[    2.338984] ehci_hcd: USB 2.0 'Enhanced' Host Controller (EHCI) Driver
[    2.342327] ehci-pci: EHCI PCI platform driver
[    2.343804] ehci-platform: EHCI generic platform driver
[    2.345507] ohci_hcd: USB 1.1 'Open' Host Controller (OHCI) Driver
[    2.347393] ohci-pci: OHCI PCI platform driver
[    2.349236] ohci-platform: OHCI generic platform driver
[    2.395169] uhci_hcd: USB Universal Host Controller Interface driver
[    2.402949] i8042: PNP: PS/2 Controller [PNP0303:PS2K,PNP0f03:PS2M] at 0x60,0x64 irq 1,12
[    2.426683] serio: i8042 KBD port at 0x60,0x64 irq 1
[    2.485410] serio: i8042 AUX port at 0x60,0x64 irq 12
[    2.488639] mousedev: PS/2 mouse device common for all mice
[    2.493099] input: AT Translated Set 2 keyboard as /devices/platform/i8042/serio0/input/input2
[    2.496354] rtc_cmos rtc_cmos: rtc core: registered rtc_cmos as rtc0
[    2.504546] rtc_cmos rtc_cmos: alarms up to one day, 114 bytes nvram
[    2.519473] i2c /dev entries driver
[    2.531910] device-mapper: uevent: version 1.0.3
[    2.584475] device-mapper: ioctl: 4.34.0-ioctl (2015-10-28) initialised: dm-devel@redhat.com
[    2.589329] platform eisa.0: Probing EISA bus 0
[    2.590883] platform eisa.0: EISA: Cannot allocate resource for mainboard
[    2.592836] platform eisa.0: Cannot allocate resource for EISA slot 1
[    2.594797] platform eisa.0: Cannot allocate resource for EISA slot 2
[    2.596695] platform eisa.0: Cannot allocate resource for EISA slot 3
[    2.602958] platform eisa.0: Cannot allocate resource for EISA slot 4
[    2.605988] platform eisa.0: Cannot allocate resource for EISA slot 5
[    2.609940] platform eisa.0: Cannot allocate resource for EISA slot 6
[    2.616590] platform eisa.0: Cannot allocate resource for EISA slot 7
[    2.621431] platform eisa.0: Cannot allocate resource for EISA slot 8
[    2.624463] platform eisa.0: EISA: Detected 0 cards
[    2.684126] cpufreq-nforce2: No nForce2 chipset.
[    2.760089] isapnp: No Plug & Play device found
[    2.763238] ledtrig-cpu: registered to indicate activity on CPUs
[    2.773657] tsc: Refined TSC clocksource calibration: 2395.763 MHz
[    2.776725] clocksource: tsc: mask: 0xffffffffffffffff max_cycles: 0x228894e78b8, max_idle_ns: 440795291328 ns
[    2.782478] NET: Registered protocol family 10
[    2.789208] NET: Registered protocol family 17
[    2.792949] Key type dns_resolver registered
[    2.794686] Using IPI No-Shortcut mode
[    2.796276] registered taskstats version 1
[    2.811292] Loading compiled-in X.509 certificates
[    2.820359] Loaded X.509 cert 'Build time autogenerated kernel key: 8ee7231a1e42e4b4a17d0e4b95c66ffe15d3b32e'
[    2.829660] zswap: loaded using pool lzo/zbud
[    2.833924] Key type trusted registered
[    2.840238] Key type encrypted registered
[    2.844703] AppArmor: AppArmor sha1 policy hashing enabled
[    2.856575] ima: No TPM chip found, activating TPM-bypass!
[    2.865343] ima: Allocated hash algorithm: sha1
[    2.868090] evm: HMAC attrs: 0x1
[    2.873110]   Magic number: 3:825:583
[    2.875809] rtc_cmos rtc_cmos: setting system clock to 2019-01-06 13:35:36 UTC (1546781736)
[    2.882189] BIOS EDD facility v0.16 2004-Jun-25, 0 devices found
[    2.883997] EDD information not available.
[    2.886245] Freeing unused kernel memory: 952K
[    2.897129] Write protecting the kernel text: 8056k
[    2.898741] Write protecting the kernel read-only data: 3184k
[    2.900499] NX-protecting the kernel data: 6280k
Loading, please wait...
starting version 229
[    2.924754] random: udevadm: uninitialized urandom read (16 bytes read, 2 bits of entropy available)
[    2.932075] random: systemd-udevd: uninitialized urandom read (16 bytes read, 2 bits of entropy available)
[    2.995692] random: udevadm: uninitialized urandom read (16 bytes read, 2 bits of entropy available)
[    3.021879] random: systemd-udevd: uninitialized urandom read (16 bytes read, 2 bits of entropy available)
[    3.028892] random: systemd-udevd: uninitialized urandom read (16 bytes read, 2 bits of entropy available)
[    3.048928] random: udevadm: uninitialized urandom read (16 bytes read, 2 bits of entropy available)
[    3.071915] random: udevadm: uninitialized urandom read (16 bytes read, 2 bits of entropy available)
[    3.094076] random: udevadm: uninitialized urandom read (16 bytes read, 2 bits of entropy available)
[    3.106458] random: udevadm: uninitialized urandom read (16 bytes read, 2 bits of entropy available)
[    3.112712] random: udevadm: uninitialized urandom read (16 bytes read, 2 bits of entropy available)
[    3.236131] Fusion MPT base driver 3.04.20
[    3.246857] Copyright (c) 1999-2008 LSI Corporation
[    3.293986] e1000: Intel(R) PRO/1000 Network Driver - version 7.3.21-k8-NAPI
[    3.301601] e1000: Copyright (c) 1999-2006 Intel Corporation.
[    3.443500] Fusion MPT SPI Host driver 3.04.20
[    3.537252] input: ImExPS/2 Generic Explorer Mouse as /devices/platform/i8042/serio1/input/input4
[    3.861017] e1000 0000:00:03.0 eth0: (PCI:33MHz:32-bit) 02:da:c8:95:de:5b
[    3.871578] e1000 0000:00:03.0 eth0: Intel(R) PRO/1000 Network Connection
[    3.876809] mptbase: ioc0: Initiating bringup
[    3.949711] ioc0: LSI53C1030 A0: Capabilities={Initiator}
[    4.142621] scsi host2: ioc0: LSI53C1030 A0, FwRev=00000000h, Ports=1, MaxQ=256, IRQ=20
[    4.258812] scsi 2:0:0:0: Direct-Access     VBOX     HARDDISK         1.0  PQ: 0 ANSI: 5
[    4.276435] scsi target2:0:0: Beginning Domain Validation
[    4.353037] scsi target2:0:0: Domain Validation skipping write tests
[    4.357633] scsi target2:0:0: Ending Domain Validation
[    4.414524] scsi target2:0:0: asynchronous
[    4.449191] scsi 2:0:1:0: Direct-Access     VBOX     HARDDISK         1.0  PQ: 0 ANSI: 5
[    4.478867] scsi target2:0:1: Beginning Domain Validation
[    4.546250] scsi target2:0:1: Domain Validation skipping write tests
[    4.549835] scsi target2:0:1: Ending Domain Validation
[    4.569079] scsi target2:0:1: asynchronous
[    4.710104] sd 2:0:0:0: Attached scsi generic sg0 type 0
[    4.716037] sd 2:0:0:0: [sda] 20971520 512-byte logical blocks: (10.7 GB/10.0 GiB)
[    4.720848] sd 2:0:1:0: [sdb] 20480 512-byte logical blocks: (10.5 MB/10.0 MiB)
[    4.736288] sd 2:0:1:0: Attached scsi generic sg1 type 0
[    4.745104] sd 2:0:0:0: [sda] Write Protect is off
[    4.758688] sd 2:0:0:0: [sda] Incomplete mode parameter data
[    4.761707] sd 2:0:0:0: [sda] Assuming drive cache: write through
[    4.763756] sd 2:0:1:0: [sdb] Write Protect is off
[    4.765544] sd 2:0:1:0: [sdb] Incomplete mode parameter data
[    4.767383] sd 2:0:1:0: [sdb] Assuming drive cache: write through
[    4.799277] e1000 0000:00:08.0 eth1: (PCI:33MHz:32-bit) 08:00:27:40:04:a4
[    4.801681] e1000 0000:00:08.0 eth1: Intel(R) PRO/1000 Network Connection
[    4.805535] e1000 0000:00:03.0 enp0s3: renamed from eth0
[    4.809826] e1000 0000:00:08.0 enp0s8: renamed from eth1
[    4.816935]  sda: sda1
[    4.818889] sd 2:0:0:0: [sda] Attached SCSI disk
[    4.844212] sd 2:0:1:0: [sdb] Attached SCSI disk
Begin: Loading essential drivers[    6.647811] md: linear personality registered for level -1
 ... [    6.657933] md: multipath personality registered for level -4
[    6.682609] md: raid0 personality registered for level 0
[    6.695279] md: raid1 personality registered for level 1
[    6.780659] raid6: mmxx1    gen()  1550 MB/s
[    6.848788] raid6: mmxx2    gen()  2425 MB/s
[    6.917098] raid6: sse1x1   gen()  1388 MB/s
[    6.988837] raid6: sse1x2   gen()  2447 MB/s
[    7.056712] raid6: sse2x1   gen()  2807 MB/s
[    7.125053] raid6: sse2x1   xor()  1493 MB/s
[    7.192876] raid6: sse2x2   gen()  5766 MB/s
[    7.260752] raid6: sse2x2   xor()  2790 MB/s
[    7.333008] raid6: avx2x1   gen()  5482 MB/s
[    7.404740] raid6: avx2x2   gen()  9091 MB/s
[    7.406299] raid6: using algorithm avx2x2 gen() 9091 MB/s
[    7.408377] raid6: using avx2x1 recovery algorithm
[    7.415546] xor: automatically using best checksumming function:
[    7.456992]    avx       : 18176.000 MB/sec
[    7.484569] async_tx: api initialized (async)
[    7.518323] md: raid6 personality registered for level 6
[    7.519953] md: raid5 personality registered for level 5
[    7.521570] md: raid4 personality registered for level 4
[    7.534878] md: raid10 personality registered for level 10
done.
Begin: Running /scripts/init-premount ... done.
Begin: Mounting root file system ... Begin: Running /scripts/local-top ... done.
Begin: Running /scripts/local-premount ... [    7.609024] Btrfs loaded
Scanning for Btrfs filesystems
done.
Warning: fsck not present, so skipping root file system
[    7.678874] EXT4-fs (sda1): mounted filesystem with ordered data mode. Opts: (null)
done.
Begin: Running /scripts/local-bottom ... done.
Begin: Running /scripts/init-bottom ... done.
[    8.519514] systemd[1]: systemd 229 running in system mode. (+PAM +AUDIT +SELINUX +IMA +APPARMOR +SMACK +SYSVINIT +UTMP +LIBCRYPTSETUP +GCRYPT +GNUTLS +ACL +XZ -LZ4 +SECCOMP +BLKID +ELFUTILS +KMOD -IDN)
[    8.545027] systemd[1]: Detected virtualization oracle.
[    8.567081] systemd[1]: Detected architecture x86.

Welcome to [1mUbuntu 16.04.5 LTS[0m!

[    8.628351] random: nonblocking pool is initialized
[    8.645468] systemd[1]: Set hostname to <kouosl>.
[   10.352326] systemd[1]: Listening on udev Control Socket.
[[0;32m  OK  [0m] Listening on udev Control Socket.
[   10.392836] systemd[1]: Reached target Encrypted Volumes.
[[0;32m  OK  [0m] Reached target Encrypted Volumes.
[   10.409509] systemd[1]: Listening on Journal Socket.
[[0;32m  OK  [0m] Listening on Journal Socket.
[   10.416481] systemd[1]: Reached target Swap.
[[0;32m  OK  [0m] Reached target Swap.
[   10.433106] systemd[1]: Listening on Syslog Socket.
[[0;32m  OK  [0m] Listening on Syslog Socket.
[   10.444858] systemd[1]: Listening on LVM2 metadata daemon socket.
[[0;32m  OK  [0m] Listening on LVM2 metadata daemon socket.
[   10.464836] systemd[1]: Listening on Device-mapper event daemon FIFOs.
[[0;32m  OK  [0m] Listening on Device-mapper event daemon FIFOs.
[   10.489168] systemd[1]: Listening on udev Kernel Socket.
[[0;32m  OK  [0m] Listening on udev Kernel Socket.
[   10.505013] systemd[1]: Set up automount Arbitrary Executable File Formats File System Automount Point.
[[0;32m  OK  [0m] Set up automount Arbitrary Executab...ats File System Automount Point.
[   10.537191] systemd[1]: Started Forward Password Requests to Wall Directory Watch.
[[0;32m  OK  [0m] Started Forward Password Requests to Wall Directory Watch.
[   10.569434] systemd[1]: Reached target System Time Synchronized.
[[0;32m  OK  [0m] Reached target System Time Synchronized.
[   10.589432] systemd[1]: Created slice System Slice.
[[0;32m  OK  [0m] Created slice System Slice.
[   10.605705] systemd[1]: Starting Remount Root and Kernel File Systems...
         Starting Remount Root and Kernel File Systems...
[   10.621260] systemd[1]: Starting Uncomplicated firewall...
         Starting Uncomplicated firewall...
[   10.630794] systemd[1]: Starting Monitoring of LVM2 mirrors, snapshots etc. using dmeventd or progress polling...
         Starting Monitoring of LVM2 mirrors... dmeventd or progress polling...
[   10.664093] systemd[1]: Mounting Huge Pages File System...
         Mounting Huge Pages File System...
[   10.686615] systemd[1]: Starting Set console keymap...
         Starting Set console keymap...
[   10.698501] systemd[1]: Mounting POSIX Message Queue File System...
         Mounting POSIX Message Queue File System...
[   10.920420] systemd[1]: Starting Load Kernel Modules...
         Starting Load Kernel Modules...
[   10.941125] systemd[1]: Listening on /dev/initctl Compatibility Named Pipe.
[[0;32m  OK  [0m] Listening on /dev/initctl Compatibility Named Pipe.
[   10.951397] systemd[1]: Mounting Debug File System...
         Mounting Debug File System...
[   10.974955] systemd[1]: Started Trigger resolvconf update for networkd DNS.
[[0;32m  OK  [0m] Started Trigger resolvconf update for networkd DNS.
[   10.993314] systemd[1]: Created slice system-serial\x2dgetty.slice.
[[0;32m  OK  [0m] Created slice system-serial\x2dgetty.slice.
[   11.024806] systemd[1]: Listening on LVM2 poll daemon socket.
[[0;32m  OK  [0m] Listening on LVM2 poll daemon socket.
[   11.041056] systemd[1]: Reached target User and Group Name Lookups.
[[0;32m  OK  [0m] Reached target User and Group Name Lookups.
[   11.056806] systemd[1]: Listening on Journal Socket (/dev/log).
[[0;32m  OK  [0m] Listening on Journal Socket (/dev/log).
[   11.074193] systemd[1]: Starting Nameserver information manager...
         Starting Nameserver information manager...
[   11.135495] systemd[1]: Created slice User and Session Slice.
[[0;32m  OK  [0m] Created slice User and Session Slice.
[   11.164885] systemd[1]: Reached target Slices.
[[0;32m  OK  [0m] Reached target Slices.
[   11.205144] systemd[1]: Listening on Journal Audit Socket.
[[0;32m  OK  [0m] Listening on Journal Audit Socket.
[   11.225739] systemd[1]: Starting Journal Service...
         Starting Journal Service...
[   11.238450] systemd[1]: Starting Create list of required static device nodes for the current kernel...
         Starting Create list of required st... nodes for the current kernel...
[   11.275086] systemd[1]: Started Uncomplicated firewall.
[[0;32m  OK  [0m] Started Uncomplicated firewall.
[   11.429480] Loading iSCSI transport class v2.0-870.
[   11.456566] systemd[1]: Mounted POSIX Message Queue File System.
[   11.469623] EXT4-fs (sda1): re-mounted. Opts: (null)
[[0;32m  OK  [0m] Mounted POSIX Message Queue File System.
[   11.498547] systemd[1]: Mounted Debug File System.
[[0;32m  OK  [0m] Mounted Debug File System.
[   11.513231] systemd[1]: Mounted Huge Pages File System.
[[0;32m  OK  [0m] Mounted Huge Pages File System.
[   11.529771] systemd[1]: Started Remount Root and Kernel File Systems.
[[0;32m  OK  [0m] Started Remount Root and Kernel File Systems.
[   11.659012] systemd[1]: Starting udev Coldplug all Devices...
         Starting udev Coldplug all Devices...
[   11.693793] systemd[1]: Starting Load/Save Random Seed...
         Starting Load/Save Random Seed...
[   11.714640] systemd[1]: Started Create list of required static device nodes for the current kernel.
[[0;32m  OK  [0m] Started Create list of required sta...ce nodes for the current kernel.
[   11.735570] systemd[1]: Started Nameserver information manager.
[[0;32m  OK  [0m] Started Nameserver information manager.
[   11.821496] systemd[1]: Starting Create Static Device Nodes in /dev...
         Starting Create Static Device Nodes in /dev...
[   11.847340] iscsi: registered transport (tcp)
[   12.028901] systemd[1]: Started Load/Save Random Seed.
[[0;32m  OK  [0m] Started Load/Save Random Seed.
[   12.100043] systemd[1]: Started LVM2 metadata daemon.
[[0;32m  OK  [0m] Started LVM2 metadata daemon.
[   12.238151] systemd[1]: Started udev Coldplug all Devices.
[[0;32m  OK  [0m] Started udev Coldplug all Devices.
[   12.469243] systemd[1]: Started Journal Service.
[[0;32m  OK  [0m] Started Journal Service.
         Starting Flush Journal to Persistent Storage...
[[0;32m  OK  [0m] Started Set console keymap.
[   12.647390] iscsi: registered transport (iser)
[[0;32m  OK  [0m] Started Load Kernel Modules.
         Mounting FUSE Control File System...
         Starting Apply Kernel Variables...
[[0;32m  OK  [0m] Mounted FUSE Control File System.
[   12.752918] systemd-journald[398]: Received request to flush runtime journal from PID 1
[[0;32m  OK  [0m] Started Flush Journal to Persistent Storage.
[[0;32m  OK  [0m] Started Apply Kernel Variables.
[[0;32m  OK  [0m] Started Monitoring of LVM2 mirrors,...ng dmeventd or progress polling.
[[0;32m  OK  [0m] Started Create Static Device Nodes in /dev.
         Starting udev Kernel Device Manager...
[[0;32m  OK  [0m] Reached target Local File Systems (Pre).
[[0;32m  OK  [0m] Reached target Local File Systems.
         Starting Create Volatile Files and Directories...
         Starting Set console font and keymap...
         Starting Tell Plymouth To Write Out Runtime Data...
         Starting Initial cloud-init job (pre-networking)...
         Starting LSB: AppArmor initialization...
[[0;32m  OK  [0m] Started Tell Plymouth To Write Out Runtime Data.
[[0;32m  OK  [0m] Started Create Volatile Files and Directories.
         Starting Update UTMP about System Boot/Shutdown...
[[0;32m  OK  [0m] Started Update UTMP about System Boot/Shutdown.
[[0;32m  OK  [0m] Started udev Kernel Device Manager.
[[0;32m  OK  [0m] Started Dispatch Password Requests to Console Directory Watch.
[[0;32m  OK  [0m] Started Set console font and keymap.
[[0;32m  OK  [0m] Created slice system-getty.slice.
[[0;32m  OK  [0m] Found device /dev/ttyS0.
[[0;32m  OK  [0m] Listening on Load/Save RF Kill Switch Status /dev/rfkill Watch.
[[0;32m  OK  [0m] Found device 82540EM Gigabit Ethern...r (PRO/1000 MT Desktop Adapter).
[[0;32m  OK  [0m] Started LSB: AppArmor initialization.
[[0;32m  OK  [0m] Found device 82540EM Gigabit Ethern...r (PRO/1000 MT Desktop Adapter).
[   20.257856] cloud-init[491]: Cloud-init v. 18.4-0ubuntu1~16.04.2 running 'init-local' at Sun, 06 Jan 2019 13:35:53 +0000. Up 19.25 seconds.
[[0;32m  OK  [0m] Started Initial cloud-init job (pre-networking).
[[0;32m  OK  [0m] Reached target Network (Pre).
[[0;32m  OK  [0m] Started ifup for enp0s8.
         Starting Raise network interfaces...
[[0;32m  OK  [0m] Started ifup for enp0s3.
[[0;32m  OK  [0m] Started Raise network interfaces.
[[0;32m  OK  [0m] Reached target Network.
         Starting Initial cloud-init job (metadata service crawler)...
[   22.729642] cloud-init[1076]: Cloud-init v. 18.4-0ubuntu1~16.04.2 running 'init' at Sun, 06 Jan 2019 13:35:55 +0000. Up 21.65 seconds.
[   22.772968] cloud-init[1076]: ci-info: ++++++++++++++++++++++++++++++++++++++Net device info++++++++++++++++++++++++++++++++++++++
[   22.812971] cloud-init[1076]: ci-info: +--------+------+----------------------------+---------------+--------+-------------------+
[[0;32m  OK  [0m] Started Initial cloud-init job (metadata service crawler).
[   22.840166] cloud-init[1076]: ci-info: | Device |  Up  |          Address           |      Mask     | Scope  |     Hw-Address    |
[   22.863082] cloud-init[1076]: ci-info: +--------+------+----------------------------+---------------+--------+-------------------+
[[0;32m  OK  [0m] Reached target Cloud-config availability.
[   22.868233] cloud-init[1076]: ci-info: | enp0s3 | True |         10.0.2.15          | 255.255.255.0 | global | 02:da:c8:95:de:5b |
[[0;32m  OK  [0m] Reached target System Initialization.
[[0;32m  OK  [0m] Listening on ACPID Listen Socket.
[   22.895246] cloud-init[1076]: ci-info: | enp0s3 | True | fe80::da:c8ff:fe95:de5b/64 |       .       |  link  | 02:da:c8:95:de:5b |
[   22.952584] cloud-init[1076]: ci-info: | enp0s8 | True |       192.168.83.137       | 255.255.255.0 | global | 08:00:27:40:04:a4 |
[[0;32m  OK  [0m] Started ACPI Events Check.
[   22.966460] cloud-init[1076]: ci-info: | enp0s8 | True | fe80::a00:27ff:fe40:4a4/64 |       .       |  link  | 08:00:27:40:04:a4 |
[[0;32m  OK  [0m] Reached target Paths.
[   22.992254] cloud-init[1076]: ci-info: |   lo   | True |         127.0.0.1          |   255.0.0.0   |  host  |         .         |
[[0;32m  OK  [0m] Listening on UUID daemon activation socket.
[[0;32m  OK  [0m] Listening on D-Bus System Message Bus Socket.
[   23.022891] cloud-init[1076]: ci-info: |   lo   | True |          ::1/128           |       .       |  host  |         .         |
[[0;32m  OK  [0m] Started Daily Cleanup of Temporary Directories.
[   23.075117] cloud-init[1076]: ci-info: +--------+------+----------------------------+---------------+--------+-------------------+
[[0;32m  OK  [0m] Started Daily apt download activities.
[   23.119028] cloud-init[1076]: ci-info: ++++++++++++++++++++++++++++Route IPv4 info++++++++++++++++++++++++++++
[[0;32m  OK  [0m] Started Daily apt upgrade and clean activities.
[   23.159244] cloud-init[1076]: ci-info: +-------+--------------+----------+---------------+-----------+-------+
[   23.181733] cloud-init[1076]: ci-info: | Route | Destination  | Gateway  |    Genmask    | Interface | Flags |
[[0;32m  OK  [0m] Reached target Timers.
[   23.203773] cloud-init[1076]: ci-info: +-------+--------------+----------+---------------+-----------+-------+
[   23.230578] cloud-init[1076]: ci-info: |   0   |   0.0.0.0    | 10.0.2.2 |    0.0.0.0    |   enp0s3  |   UG  |
         Starting LXD - unix socket.
         Starting Socket activation for snappy daemon.
[   23.242012] cloud-init[1076]: ci-info: |   1   |   10.0.2.0   | 0.0.0.0  | 255.255.255.0 |   enp0s3  |   U   |
[[0;32m  OK  [0m] Reached target Network is Online.
         Starting iSCSI initiator daemon (iscsid)...
[[0;32m  OK  [0m] Listening on LXD - unix socket.
[[0;32m  OK  [0m] Listening on Socket activation for snappy daemon.
[   23.274789] cloud-init[1076]: ci-info: |   2   | 192.168.83.0 | 0.0.0.0  | 255.255.255.0 |   enp0s8  |   U   |
[   23.349868] cloud-init[1076]: ci-info: +-------+--------------+----------+---------------+-----------+-------+
[   23.372280] cloud-init[1076]: ci-info: +++++++++++++++++++Route IPv6 info+++++++++++++++++++
[   23.388843] cloud-init[1076]: ci-info: +-------+-------------+---------+-----------+-------+
[[0;32m  OK  [0m] Reached target Sockets.
[[0;32m  OK  [0m] Reached target Basic System.
[   23.408367]          Starting System Logging Service...
         Starting /etc/rc.local Compatibility...
         Starting LSB: Record successful boot for GRUB...
cloud-init[1076]: ci-info: | Route | Destination | Gateway | Interface | Flags |
[   23.472376] cloud-init[1076]: ci-info: +-------+-------------+---------+-----------+-------+
[   23.488333] cloud-init[1076]: ci-info: |   0   |  fe80::/64  |    ::   |   enp0s8  |   U   |
[   23.488790] cloud-init[1076]: ci-info: |   1   |  fe80::/64  |    ::   |   enp0s3  |   U   |
[   23.488886] cloud-init[1076]: ci-info: |   6   |   ff00::/8  |    ::   |   enp0s8  |   U   |
[   23.488981] cloud-init[1076]: ci-info: |   7   |   ff00::/8  |    ::   |   enp0s3  |   U   |
[   23.489082] cloud-init[1076]: ci-info: +-------+-------------+---------+-----------+-------+
[[0;32m  OK  [0m] Started Unattended Upgrades Shutdown.
         Starting Login Service...
         Starting LSB: MD monitoring daemon...
[[0;32m  OK  [0m] Started Deferred execution scheduler.
[[0;32m  OK  [0m] Started FUSE filesystem for LXC.
         Starting LXD - container startup/shutdown...
[[0;32m  OK  [0m] Started ACPI event daemon.
         Starting OpenBSD Secure Shell server...
[[0;32m  OK  [0m] Started D-Bus System Message Bus.
         Starting Accounts Service...
         Starting Virtualbox guest utils...
[[0;32m  OK  [0m] Started Regular background program processing daemon.
         Starting Snappy daemon...
[[0;32m  OK  [0m] Started System Logging Service.
[[0;32m  OK  [0m] Started iSCSI initiator daemon (iscsid).
[[0;32m  OK  [0m] Started /etc/rc.local Compatibility.
[[0;32m  OK  [0m] Started OpenBSD Secure Shell server.
         Starting Login to default iSCSI targets...
[[0;32m  OK  [0m] Started Login Service.
[[0;32m  OK  [0m] Started LSB: Record successful boot for GRUB.
[[0;32m  OK  [0m] Started LSB: MD monitoring daemon.
[[0;32m  OK  [0m] Started Login to default iSCSI targets.
[[0;32m  OK  [0m] Reached target Remote File Systems (Pre).
[[0;32m  OK  [0m] Reached target Remote File Systems.
         Starting LSB: daemon to balance interrupts for SMP systems...
         Starting LSB: Apache2 web server...
         Starting Permit User Sessions...
         Starting LSB: Start and stop the mysql database server daemon...
         Starting LSB: automatic crash report generation...
         Starting LSB: Set the CPU Frequency Scaling governor to "ondemand"...
[[0;32m  OK  [0m] Started Permit User Sessions.
         Starting Hold until boot process finishes up...
         Starting Terminate Plymouth Boot Screen...
[[0;32m  OK  [0m] Started LSB: Set the CPU Frequency Scaling governor to "ondemand".
[[0;32m  OK  [0m] Started Hold until boot process finishes up.
[[0;32m  OK  [0m] Started Terminate Plymouth Boot Screen.
[[0;32m  OK  [0m] Started Getty on tty1.
         Starting Set console scheme...
[[0;32m  OK  [0m] Started Serial Getty on ttyS0.
[[0;32m  OK  [0m] Reached target Login Prompts.
[[0;32m  OK  [0m] Started Set console scheme.
[[0;32m  OK  [0m] Started LSB: daemon to balance interrupts for SMP systems.
[[0;32m  OK  [0m] Started LSB: automatic crash report generation.
         Starting Authenticate and Authorize Users to Run Privileged Tasks...
[[0;32m  OK  [0m] Started Virtualbox guest utils.
[[0;32m  OK  [0m] Started LXD - container startup/shutdown.
[[0;32m  OK  [0m] Started Authenticate and Authorize Users to Run Privileged Tasks.
[[0;32m  OK  [0m] Started Accounts Service.
[[0;32m  OK  [0m] Created slice User Slice of vagrant.
         Starting User Manager for UID 1000...
[[0;32m  OK  [0m] Started Session 1 of user vagrant.
[[0;32m  OK  [0m] Started User Manager for UID 1000.

Ubuntu 16.04.5 LTS kouosl ttyS0

kouosl login: [   35.680170] cloud-init[1542]: Cloud-init v. 18.4-0ubuntu1~16.04.2 running 'modules:config' at Sun, 06 Jan 2019 13:36:08 +0000. Up 34.36 seconds.
[   49.275529] cloud-init[2110]: Cloud-init v. 18.4-0ubuntu1~16.04.2 running 'modules:final' at Sun, 06 Jan 2019 13:36:23 +0000. Up 48.69 seconds.
[   49.276220] cloud-init[2110]: Cloud-init v. 18.4-0ubuntu1~16.04.2 finished at Sun, 06 Jan 2019 13:36:23 +0000. Datasource DataSourceNoCloud [seed=/dev/sdb][dsmode=net].  Up 49.26 seconds
